https://www.w3.org%F2TR%F2REC-html40%F2index/elements.html
https://www.w3.org%F2TR%F2REC-html40%F2index/list.html
https://www.w3.org%F2TR%F2REC-html40%F2index/cover.html#toc
http://www.w3.org/StyleSheets/TR/W3C-REC
https://www.w3.org%F2TR%F2REC-html40%F2index/style/default.css
https://www.w3.org%F2TR%F2REC-html40%F2index/cover.html#minitoc
https://www.w3.org%F2TR%F2REC-html40%F2index/struct/tables.html#adef-abbr
https://www.w3.org%F2TR%F2REC-html40%F2index/struct/tables.html#edef-TD
https://www.w3.org%F2TR%F2REC-html40%F2index/struct/tables.html#edef-TH
https://www.w3.org%F2TR%F2REC-html40%F2index/sgml/dtd.html#Text
https://www.w3.org%F2TR%F2REC-html40%F2index/interact/forms.html#adef-accept-charset
https://www.w3.org%F2TR%F2REC-html40%F2index/interact/forms.html#edef-FORM
https://www.w3.org%F2TR%F2REC-html40%F2index/sgml/dtd.html#Charsets
https://www.w3.org%F2TR%F2REC-html40%F2index/interact/forms.html#adef-accept
https://www.w3.org%F2TR%F2REC-html40%F2index/interact/forms.html#edef-INPUT
https://www.w3.org%F2TR%F2REC-html40%F2index/sgml/dtd.html#ContentTypes
https://www.w3.org%F2TR%F2REC-html40%F2index/interact/forms.html#adef-accesskey
https://www.w3.org%F2TR%F2REC-html40%F2index/struct/links.html#edef-A
https://www.w3.org%F2TR%F2REC-html40%F2index/struct/objects.html#edef-AREA
https://www.w3.org%F2TR%F2REC-html40%F2index/interact/forms.html#edef-BUTTON
https://www.w3.org%F2TR%F2REC-html40%F2index/interact/forms.html#edef-LABEL
https://www.w3.org%F2TR%F2REC-html40%F2index/interact/forms.html#edef-LEGEND
https://www.w3.org%F2TR%F2REC-html40%F2index/interact/forms.html#edef-TEXTAREA
https://www.w3.org%F2TR%F2REC-html40%F2index/sgml/dtd.html#Character
https://www.w3.org%F2TR%F2REC-html40%F2index/interact/forms.html#adef-action
https://www.w3.org%F2TR%F2REC-html40%F2index/sgml/dtd.html#URI
https://www.w3.org%F2TR%F2REC-html40%F2index/struct/tables.html#adef-align-CAPTION
https://www.w3.org%F2TR%F2REC-html40%F2index/struct/tables.html#edef-CAPTION
https://www.w3.org%F2TR%F2REC-html40%F2index/sgml/loosedtd.html#CAlign
https://www.w3.org%F2TR%F2REC-html40%F2index/struct/objects.html#adef-align-IMG
https://www.w3.org%F2TR%F2REC-html40%F2index/struct/objects.html#edef-APPLET
https://www.w3.org%F2TR%F2REC-html40%F2index/present/frames.html#edef-IFRAME
https://www.w3.org%F2TR%F2REC-html40%F2index/struct/objects.html#edef-IMG
https://www.w3.org%F2TR%F2REC-html40%F2index/struct/objects.html#edef-OBJECT
https://www.w3.org%F2TR%F2REC-html40%F2index/sgml/loosedtd.html#IAlign
https://www.w3.org%F2TR%F2REC-html40%F2index/interact/forms.html#adef-align-LEGEND
https://www.w3.org%F2TR%F2REC-html40%F2index/sgml/loosedtd.html#LAlign
https://www.w3.org%F2TR%F2REC-html40%F2index/struct/tables.html#adef-align-TABLE
https://www.w3.org%F2TR%F2REC-html40%F2index/struct/tables.html#edef-TABLE
https://www.w3.org%F2TR%F2REC-html40%F2index/sgml/loosedtd.html#TAlign
https://www.w3.org%F2TR%F2REC-html40%F2index/present/graphics.html#adef-align-HR
https://www.w3.org%F2TR%F2REC-html40%F2index/present/graphics.html#edef-HR
https://www.w3.org%F2TR%F2REC-html40%F2index/present/graphics.html#adef-align
https://www.w3.org%F2TR%F2REC-html40%F2index/struct/global.html#edef-DIV
https://www.w3.org%F2TR%F2REC-html40%F2index/struct/global.html#edef-H1
https://www.w3.org%F2TR%F2REC-html40%F2index/struct/global.html#edef-H2
https://www.w3.org%F2TR%F2REC-html40%F2index/struct/global.html#edef-H3
https://www.w3.org%F2TR%F2REC-html40%F2index/struct/global.html#edef-H4
https://www.w3.org%F2TR%F2REC-html40%F2index/struct/global.html#edef-H5
https://www.w3.org%F2TR%F2REC-html40%F2index/struct/global.html#edef-H6
https://www.w3.org%F2TR%F2REC-html40%F2index/struct/text.html#edef-P
https://www.w3.org%F2TR%F2REC-html40%F2index/struct/tables.html#adef-align-TD
https://www.w3.org%F2TR%F2REC-html40%F2index/struct/tables.html#edef-COL
https://www.w3.org%F2TR%F2REC-html40%F2index/struct/tables.html#edef-COLGROUP
https://www.w3.org%F2TR%F2REC-html40%F2index/struct/tables.html#edef-TBODY
https://www.w3.org%F2TR%F2REC-html40%F2index/struct/tables.html#edef-TFOOT
https://www.w3.org%F2TR%F2REC-html40%F2index/struct/tables.html#edef-THEAD
https://www.w3.org%F2TR%F2REC-html40%F2index/struct/tables.html#edef-TR
https://www.w3.org%F2TR%F2REC-html40%F2index/struct/global.html#adef-alink
https://www.w3.org%F2TR%F2REC-html40%F2index/struct/global.html#edef-BODY
https://www.w3.org%F2TR%F2REC-html40%F2index/sgml/loosedtd.html#Color
https://www.w3.org%F2TR%F2REC-html40%F2index/struct/objects.html#adef-alt
https://www.w3.org%F2TR%F2REC-html40%F2index/sgml/loosedtd.html#Text
https://www.w3.org%F2TR%F2REC-html40%F2index/types.html#type-cdata
https://www.w3.org%F2TR%F2REC-html40%F2index/struct/objects.html#adef-archive-APPLET
https://www.w3.org%F2TR%F2REC-html40%F2index/struct/objects.html#adef-archive-OBJECT
https://www.w3.org%F2TR%F2REC-html40%F2index/struct/tables.html#adef-axis
https://www.w3.org%F2TR%F2REC-html40%F2index/struct/global.html#adef-background
https://www.w3.org%F2TR%F2REC-html40%F2index/sgml/loosedtd.html#URI
https://www.w3.org%F2TR%F2REC-html40%F2index/present/graphics.html#adef-bgcolor
https://www.w3.org%F2TR%F2REC-html40%F2index/struct/tables.html#adef-border-TABLE
https://www.w3.org%F2TR%F2REC-html40%F2index/sgml/dtd.html#Pixels
https://www.w3.org%F2TR%F2REC-html40%F2index/struct/objects.html#adef-border-IMG
https://www.w3.org%F2TR%F2REC-html40%F2index/sgml/loosedtd.html#Pixels
https://www.w3.org%F2TR%F2REC-html40%F2index/struct/tables.html#adef-cellpadding
https://www.w3.org%F2TR%F2REC-html40%F2index/sgml/dtd.html#Length
https://www.w3.org%F2TR%F2REC-html40%F2index/struct/tables.html#adef-cellspacing
https://www.w3.org%F2TR%F2REC-html40%F2index/struct/tables.html#adef-char
https://www.w3.org%F2TR%F2REC-html40%F2index/struct/tables.html#adef-charoff
https://www.w3.org%F2TR%F2REC-html40%F2index/struct/links.html#adef-charset
https://www.w3.org%F2TR%F2REC-html40%F2index/struct/links.html#edef-LINK
https://www.w3.org%F2TR%F2REC-html40%F2index/interact/scripts.html#edef-SCRIPT
https://www.w3.org%F2TR%F2REC-html40%F2index/sgml/dtd.html#Charset
https://www.w3.org%F2TR%F2REC-html40%F2index/interact/forms.html#adef-checked
https://www.w3.org%F2TR%F2REC-html40%F2index/struct/text.html#adef-cite-Q
https://www.w3.org%F2TR%F2REC-html40%F2index/struct/text.html#edef-BLOCKQUOTE
https://www.w3.org%F2TR%F2REC-html40%F2index/struct/text.html#edef-Q
https://www.w3.org%F2TR%F2REC-html40%F2index/struct/text.html#adef-cite-INS
https://www.w3.org%F2TR%F2REC-html40%F2index/struct/text.html#edef-del
https://www.w3.org%F2TR%F2REC-html40%F2index/struct/text.html#edef-ins
https://www.w3.org%F2TR%F2REC-html40%F2index/struct/global.html#adef-class
https://www.w3.org%F2TR%F2REC-html40%F2index/index/elements.html
https://www.w3.org%F2TR%F2REC-html40%F2index/struct/links.html#edef-BASE
https://www.w3.org%F2TR%F2REC-html40%F2index/present/graphics.html#edef-BASEFONT
https://www.w3.org%F2TR%F2REC-html40%F2index/struct/global.html#edef-HEAD
https://www.w3.org%F2TR%F2REC-html40%F2index/struct/global.html#edef-HTML
https://www.w3.org%F2TR%F2REC-html40%F2index/struct/global.html#edef-META
https://www.w3.org%F2TR%F2REC-html40%F2index/struct/objects.html#edef-PARAM
https://www.w3.org%F2TR%F2REC-html40%F2index/present/styles.html#edef-STYLE
https://www.w3.org%F2TR%F2REC-html40%F2index/struct/global.html#edef-TITLE
https://www.w3.org%F2TR%F2REC-html40%F2index/struct/objects.html#adef-classid
https://www.w3.org%F2TR%F2REC-html40%F2index/present/graphics.html#adef-clear
https://www.w3.org%F2TR%F2REC-html40%F2index/struct/text.html#edef-BR
https://www.w3.org%F2TR%F2REC-html40%F2index/struct/objects.html#adef-code
https://www.w3.org%F2TR%F2REC-html40%F2index/struct/objects.html#adef-codebase-OBJECT
https://www.w3.org%F2TR%F2REC-html40%F2index/struct/objects.html#adef-codebase-APPLET
https://www.w3.org%F2TR%F2REC-html40%F2index/struct/objects.html#adef-codetype
https://www.w3.org%F2TR%F2REC-html40%F2index/sgml/dtd.html#ContentType
https://www.w3.org%F2TR%F2REC-html40%F2index/present/graphics.html#adef-color-FONT
https://www.w3.org%F2TR%F2REC-html40%F2index/present/graphics.html#edef-FONT
https://www.w3.org%F2TR%F2REC-html40%F2index/present/frames.html#adef-cols-FRAMESET
https://www.w3.org%F2TR%F2REC-html40%F2index/present/frames.html#edef-FRAMESET
https://www.w3.org%F2TR%F2REC-html40%F2index/sgml/dtd.html#MultiLengths
https://www.w3.org%F2TR%F2REC-html40%F2index/interact/forms.html#adef-cols-TEXTAREA
https://www.w3.org%F2TR%F2REC-html40%F2index/types.html#type-number
https://www.w3.org%F2TR%F2REC-html40%F2index/struct/tables.html#adef-colspan
https://www.w3.org%F2TR%F2REC-html40%F2index/struct/lists.html#adef-compact
https://www.w3.org%F2TR%F2REC-html40%F2index/struct/lists.html#edef-DIR
https://www.w3.org%F2TR%F2REC-html40%F2index/struct/lists.html#edef-DL
https://www.w3.org%F2TR%F2REC-html40%F2index/struct/lists.html#edef-MENU
https://www.w3.org%F2TR%F2REC-html40%F2index/struct/lists.html#edef-OL
https://www.w3.org%F2TR%F2REC-html40%F2index/struct/lists.html#edef-UL
https://www.w3.org%F2TR%F2REC-html40%F2index/struct/global.html#adef-content
https://www.w3.org%F2TR%F2REC-html40%F2index/struct/objects.html#adef-coords
https://www.w3.org%F2TR%F2REC-html40%F2index/sgml/dtd.html#Coords
https://www.w3.org%F2TR%F2REC-html40%F2index/struct/objects.html#adef-data
https://www.w3.org%F2TR%F2REC-html40%F2index/struct/text.html#adef-datetime
https://www.w3.org%F2TR%F2REC-html40%F2index/sgml/dtd.html#Datetime
https://www.w3.org%F2TR%F2REC-html40%F2index/struct/objects.html#adef-declare
https://www.w3.org%F2TR%F2REC-html40%F2index/interact/scripts.html#adef-defer
https://www.w3.org%F2TR%F2REC-html40%F2index/struct/dirlang.html#adef-dir
https://www.w3.org%F2TR%F2REC-html40%F2index/struct/dirlang.html#edef-BDO
https://www.w3.org%F2TR%F2REC-html40%F2index/present/frames.html#edef-FRAME
https://www.w3.org%F2TR%F2REC-html40%F2index/struct/dirlang.html#adef-dir-BDO
https://www.w3.org%F2TR%F2REC-html40%F2index/interact/forms.html#adef-disabled
https://www.w3.org%F2TR%F2REC-html40%F2index/interact/forms.html#edef-OPTGROUP
https://www.w3.org%F2TR%F2REC-html40%F2index/interact/forms.html#edef-OPTION
https://www.w3.org%F2TR%F2REC-html40%F2index/interact/forms.html#edef-SELECT
https://www.w3.org%F2TR%F2REC-html40%F2index/interact/forms.html#adef-enctype
https://www.w3.org%F2TR%F2REC-html40%F2index/present/graphics.html#adef-face-FONT
https://www.w3.org%F2TR%F2REC-html40%F2index/interact/forms.html#adef-for
https://www.w3.org%F2TR%F2REC-html40%F2index/types.html#type-idref
https://www.w3.org%F2TR%F2REC-html40%F2index/struct/tables.html#adef-frame
https://www.w3.org%F2TR%F2REC-html40%F2index/sgml/dtd.html#TFrame
https://www.w3.org%F2TR%F2REC-html40%F2index/present/frames.html#adef-frameborder
https://www.w3.org%F2TR%F2REC-html40%F2index/struct/tables.html#adef-headers
https://www.w3.org%F2TR%F2REC-html40%F2index/types.html#type-idrefs
https://www.w3.org%F2TR%F2REC-html40%F2index/present/frames.html#adef-height-IFRAME
https://www.w3.org%F2TR%F2REC-html40%F2index/sgml/loosedtd.html#Length
https://www.w3.org%F2TR%F2REC-html40%F2index/struct/tables.html#adef-height-TH
https://www.w3.org%F2TR%F2REC-html40%F2index/struct/objects.html#adef-height-IMG
https://www.w3.org%F2TR%F2REC-html40%F2index/struct/objects.html#adef-height-APPLET
https://www.w3.org%F2TR%F2REC-html40%F2index/struct/links.html#adef-href
https://www.w3.org%F2TR%F2REC-html40%F2index/struct/links.html#adef-href-BASE
https://www.w3.org%F2TR%F2REC-html40%F2index/struct/links.html#adef-hreflang
https://www.w3.org%F2TR%F2REC-html40%F2index/sgml/dtd.html#LanguageCode
https://www.w3.org%F2TR%F2REC-html40%F2index/struct/objects.html#adef-hspace
https://www.w3.org%F2TR%F2REC-html40%F2index/struct/global.html#adef-http-equiv
https://www.w3.org%F2TR%F2REC-html40%F2index/types.html#type-name
https://www.w3.org%F2TR%F2REC-html40%F2index/struct/global.html#adef-id
https://www.w3.org%F2TR%F2REC-html40%F2index/types.html#type-id
https://www.w3.org%F2TR%F2REC-html40%F2index/struct/objects.html#adef-ismap
https://www.w3.org%F2TR%F2REC-html40%F2index/interact/forms.html#adef-label-OPTION
https://www.w3.org%F2TR%F2REC-html40%F2index/interact/forms.html#adef-label-OPTGROUP
https://www.w3.org%F2TR%F2REC-html40%F2index/struct/dirlang.html#adef-lang
https://www.w3.org%F2TR%F2REC-html40%F2index/interact/scripts.html#adef-language
https://www.w3.org%F2TR%F2REC-html40%F2index/struct/global.html#adef-link
https://www.w3.org%F2TR%F2REC-html40%F2index/struct/objects.html#adef-longdesc-IMG
https://www.w3.org%F2TR%F2REC-html40%F2index/present/frames.html#adef-longdesc-FRAME
https://www.w3.org%F2TR%F2REC-html40%F2index/present/frames.html#adef-marginheight
https://www.w3.org%F2TR%F2REC-html40%F2index/present/frames.html#adef-marginwidth
https://www.w3.org%F2TR%F2REC-html40%F2index/interact/forms.html#adef-maxlength
https://www.w3.org%F2TR%F2REC-html40%F2index/present/styles.html#adef-media
https://www.w3.org%F2TR%F2REC-html40%F2index/sgml/dtd.html#MediaDesc
https://www.w3.org%F2TR%F2REC-html40%F2index/interact/forms.html#adef-method
https://www.w3.org%F2TR%F2REC-html40%F2index/interact/forms.html#adef-multiple
https://www.w3.org%F2TR%F2REC-html40%F2index/interact/forms.html#adef-name-BUTTON
https://www.w3.org%F2TR%F2REC-html40%F2index/struct/objects.html#adef-name-APPLET
https://www.w3.org%F2TR%F2REC-html40%F2index/interact/forms.html#adef-name-SELECT
https://www.w3.org%F2TR%F2REC-html40%F2index/interact/forms.html#adef-name-FORM
https://www.w3.org%F2TR%F2REC-html40%F2index/present/frames.html#adef-name-FRAME
https://www.w3.org%F2TR%F2REC-html40%F2index/struct/objects.html#adef-name-IMG
https://www.w3.org%F2TR%F2REC-html40%F2index/struct/links.html#adef-name-A
https://www.w3.org%F2TR%F2REC-html40%F2index/interact/forms.html#adef-name-INPUT
https://www.w3.org%F2TR%F2REC-html40%F2index/struct/objects.html#adef-name-MAP
https://www.w3.org%F2TR%F2REC-html40%F2index/struct/objects.html#edef-MAP
https://www.w3.org%F2TR%F2REC-html40%F2index/struct/objects.html#adef-name-PARAM
https://www.w3.org%F2TR%F2REC-html40%F2index/struct/global.html#adef-name-META
https://www.w3.org%F2TR%F2REC-html40%F2index/struct/objects.html#adef-nohref
https://www.w3.org%F2TR%F2REC-html40%F2index/present/frames.html#adef-noresize
https://www.w3.org%F2TR%F2REC-html40%F2index/present/graphics.html#adef-noshade
https://www.w3.org%F2TR%F2REC-html40%F2index/struct/tables.html#adef-nowrap
https://www.w3.org%F2TR%F2REC-html40%F2index/struct/objects.html#adef-object
https://www.w3.org%F2TR%F2REC-html40%F2index/interact/scripts.html#adef-onblur
https://www.w3.org%F2TR%F2REC-html40%F2index/sgml/dtd.html#Script
https://www.w3.org%F2TR%F2REC-html40%F2index/interact/scripts.html#adef-onchange
https://www.w3.org%F2TR%F2REC-html40%F2index/interact/scripts.html#adef-onclick
https://www.w3.org%F2TR%F2REC-html40%F2index/interact/forms.html#edef-ISINDEX
https://www.w3.org%F2TR%F2REC-html40%F2index/interact/scripts.html#adef-ondblclick
https://www.w3.org%F2TR%F2REC-html40%F2index/interact/scripts.html#adef-onfocus
https://www.w3.org%F2TR%F2REC-html40%F2index/interact/scripts.html#adef-onkeydown
https://www.w3.org%F2TR%F2REC-html40%F2index/interact/scripts.html#adef-onkeypress
https://www.w3.org%F2TR%F2REC-html40%F2index/interact/scripts.html#adef-onkeyup
https://www.w3.org%F2TR%F2REC-html40%F2index/interact/scripts.html#adef-onload
https://www.w3.org%F2TR%F2REC-html40%F2index/interact/scripts.html#adef-onmousedown
https://www.w3.org%F2TR%F2REC-html40%F2index/interact/scripts.html#adef-onmousemove
https://www.w3.org%F2TR%F2REC-html40%F2index/interact/scripts.html#adef-onmouseout
https://www.w3.org%F2TR%F2REC-html40%F2index/interact/scripts.html#adef-onmouseover
https://www.w3.org%F2TR%F2REC-html40%F2index/interact/scripts.html#adef-onmouseup
https://www.w3.org%F2TR%F2REC-html40%F2index/interact/scripts.html#adef-onreset
https://www.w3.org%F2TR%F2REC-html40%F2index/interact/scripts.html#adef-onselect
https://www.w3.org%F2TR%F2REC-html40%F2index/interact/scripts.html#adef-onsubmit
https://www.w3.org%F2TR%F2REC-html40%F2index/interact/scripts.html#adef-onunload
https://www.w3.org%F2TR%F2REC-html40%F2index/struct/global.html#adef-profile
https://www.w3.org%F2TR%F2REC-html40%F2index/interact/forms.html#adef-prompt
https://www.w3.org%F2TR%F2REC-html40%F2index/interact/forms.html#adef-readonly
https://www.w3.org%F2TR%F2REC-html40%F2index/struct/links.html#adef-rel
https://www.w3.org%F2TR%F2REC-html40%F2index/sgml/dtd.html#LinkTypes
https://www.w3.org%F2TR%F2REC-html40%F2index/struct/links.html#adef-rev
https://www.w3.org%F2TR%F2REC-html40%F2index/present/frames.html#adef-rows-FRAMESET
https://www.w3.org%F2TR%F2REC-html40%F2index/interact/forms.html#adef-rows-TEXTAREA
https://www.w3.org%F2TR%F2REC-html40%F2index/struct/tables.html#adef-rowspan
https://www.w3.org%F2TR%F2REC-html40%F2index/struct/tables.html#adef-rules
https://www.w3.org%F2TR%F2REC-html40%F2index/sgml/dtd.html#TRules
https://www.w3.org%F2TR%F2REC-html40%F2index/struct/global.html#adef-scheme
https://www.w3.org%F2TR%F2REC-html40%F2index/struct/tables.html#adef-scope
https://www.w3.org%F2TR%F2REC-html40%F2index/sgml/dtd.html#Scope
https://www.w3.org%F2TR%F2REC-html40%F2index/present/frames.html#adef-scrolling
https://www.w3.org%F2TR%F2REC-html40%F2index/interact/forms.html#adef-selected
https://www.w3.org%F2TR%F2REC-html40%F2index/struct/objects.html#adef-shape
https://www.w3.org%F2TR%F2REC-html40%F2index/sgml/dtd.html#Shape
https://www.w3.org%F2TR%F2REC-html40%F2index/present/graphics.html#adef-size-HR
https://www.w3.org%F2TR%F2REC-html40%F2index/present/graphics.html#adef-size-FONT
https://www.w3.org%F2TR%F2REC-html40%F2index/interact/forms.html#adef-size-INPUT
https://www.w3.org%F2TR%F2REC-html40%F2index/present/graphics.html#adef-size-BASEFONT
https://www.w3.org%F2TR%F2REC-html40%F2index/interact/forms.html#adef-size-SELECT
https://www.w3.org%F2TR%F2REC-html40%F2index/struct/tables.html#adef-span-COL
https://www.w3.org%F2TR%F2REC-html40%F2index/struct/tables.html#adef-span-COLGROUP
https://www.w3.org%F2TR%F2REC-html40%F2index/interact/scripts.html#adef-src-SCRIPT
https://www.w3.org%F2TR%F2REC-html40%F2index/interact/forms.html#adef-src
https://www.w3.org%F2TR%F2REC-html40%F2index/present/frames.html#adef-src-FRAME
https://www.w3.org%F2TR%F2REC-html40%F2index/struct/objects.html#adef-src-IMG
https://www.w3.org%F2TR%F2REC-html40%F2index/struct/objects.html#adef-standby
https://www.w3.org%F2TR%F2REC-html40%F2index/struct/lists.html#adef-start
https://www.w3.org%F2TR%F2REC-html40%F2index/present/styles.html#adef-style
https://www.w3.org%F2TR%F2REC-html40%F2index/sgml/dtd.html#StyleSheet
https://www.w3.org%F2TR%F2REC-html40%F2index/struct/tables.html#adef-summary
https://www.w3.org%F2TR%F2REC-html40%F2index/interact/forms.html#adef-tabindex
https://www.w3.org%F2TR%F2REC-html40%F2index/present/frames.html#adef-target
https://www.w3.org%F2TR%F2REC-html40%F2index/sgml/loosedtd.html#FrameTarget
https://www.w3.org%F2TR%F2REC-html40%F2index/struct/global.html#adef-text
https://www.w3.org%F2TR%F2REC-html40%F2index/struct/global.html#adef-title
https://www.w3.org%F2TR%F2REC-html40%F2index/struct/links.html#adef-type-A
https://www.w3.org%F2TR%F2REC-html40%F2index/struct/objects.html#adef-type-OBJECT
https://www.w3.org%F2TR%F2REC-html40%F2index/struct/objects.html#adef-type-PARAM
https://www.w3.org%F2TR%F2REC-html40%F2index/interact/scripts.html#adef-type-SCRIPT
https://www.w3.org%F2TR%F2REC-html40%F2index/present/styles.html#adef-type-STYLE
https://www.w3.org%F2TR%F2REC-html40%F2index/interact/forms.html#adef-type-INPUT
https://www.w3.org%F2TR%F2REC-html40%F2index/sgml/dtd.html#InputType
https://www.w3.org%F2TR%F2REC-html40%F2index/struct/lists.html#adef-type-LI
https://www.w3.org%F2TR%F2REC-html40%F2index/struct/lists.html#edef-LI
https://www.w3.org%F2TR%F2REC-html40%F2index/sgml/loosedtd.html#LIStyle
https://www.w3.org%F2TR%F2REC-html40%F2index/struct/lists.html#adef-type-OL
https://www.w3.org%F2TR%F2REC-html40%F2index/sgml/loosedtd.html#OLStyle
https://www.w3.org%F2TR%F2REC-html40%F2index/struct/lists.html#adef-type-UL
https://www.w3.org%F2TR%F2REC-html40%F2index/sgml/loosedtd.html#ULStyle
https://www.w3.org%F2TR%F2REC-html40%F2index/interact/forms.html#adef-type-BUTTON
https://www.w3.org%F2TR%F2REC-html40%F2index/struct/objects.html#adef-usemap
https://www.w3.org%F2TR%F2REC-html40%F2index/struct/tables.html#adef-valign
https://www.w3.org%F2TR%F2REC-html40%F2index/interact/forms.html#adef-value-INPUT
https://www.w3.org%F2TR%F2REC-html40%F2index/interact/forms.html#adef-value-OPTION
https://www.w3.org%F2TR%F2REC-html40%F2index/struct/objects.html#adef-value-PARAM
https://www.w3.org%F2TR%F2REC-html40%F2index/interact/forms.html#adef-value-BUTTON
https://www.w3.org%F2TR%F2REC-html40%F2index/struct/lists.html#adef-value-LI
https://www.w3.org%F2TR%F2REC-html40%F2index/struct/objects.html#adef-valuetype
https://www.w3.org%F2TR%F2REC-html40%F2index/struct/global.html#adef-version
https://www.w3.org%F2TR%F2REC-html40%F2index/sgml/loosedtd.html#HTML.Version
https://www.w3.org%F2TR%F2REC-html40%F2index/struct/global.html#adef-vlink
https://www.w3.org%F2TR%F2REC-html40%F2index/struct/objects.html#adef-vspace
https://www.w3.org%F2TR%F2REC-html40%F2index/present/graphics.html#adef-width-HR
https://www.w3.org%F2TR%F2REC-html40%F2index/present/frames.html#adef-width-IFRAME
https://www.w3.org%F2TR%F2REC-html40%F2index/struct/objects.html#adef-width-IMG
https://www.w3.org%F2TR%F2REC-html40%F2index/struct/tables.html#adef-width-TABLE
https://www.w3.org%F2TR%F2REC-html40%F2index/struct/tables.html#adef-width-TH
https://www.w3.org%F2TR%F2REC-html40%F2index/struct/objects.html#adef-width-APPLET
https://www.w3.org%F2TR%F2REC-html40%F2index/struct/tables.html#adef-width-COL
https://www.w3.org%F2TR%F2REC-html40%F2index/sgml/dtd.html#MultiLength
https://www.w3.org%F2TR%F2REC-html40%F2index/struct/tables.html#adef-width-COLGROUP
https://www.w3.org%F2TR%F2REC-html40%F2index/struct/text.html#adef-width-PRE
https://www.w3.org%F2TR%F2REC-html40%F2index/struct/text.html#edef-PRE
